// Jest Snapshot v1, https://goo.gl/fbAQLP

exports[`<Home /> component should render properly 1`] = `
<div
  className="sc-jrAGrp fiSZBI"
  data-testid="home"
>
  <h1
    className="sc-kEjbxe gHFyGX"
  >
    HOME
  </h1>
</div>
`;
