// Jest Snapshot v1, https://goo.gl/fbAQLP

exports[`<Results /> component should render properly 1`] = `
<div
  className="sc-jrAGrp fiSZBI"
/>
`;
